// Jest Snapshot v1, https://goo.gl/fbAQLP

exports[`renders TimePoint 1`] = `
<div>
  9:55 PM
</div>
`;

exports[`renders TimePoint with trip update 1`] = `
<div>
  <div
    class="small"
  >
    <strike
      class="text-muted"
    >
      9:55 PM
    </strike>
  </div>
  <div>
    <strong
      class="text-primary"
    >
      9:59 PM
    </strong>
  </div>
</div>
`;
